This is a test file created by the batch script 
